   1               		.file	"globals.c"
   2               	__SP_H__ = 0x3e
   3               	__SP_L__ = 0x3d
   4               	__SREG__ = 0x3f
   5               	__tmp_reg__ = 0
   6               	__zero_reg__ = 1
   7               		.text
   8               	.Ltext0:
   9               		.cfi_sections	.debug_frame
  10               		.comm	bankStates,70,1
  11               		.comm	systemTicks,2,1
  12               	.Letext0:
  13               		.file 1 "globals.h"
  14               		.file 2 "defines.h"
  15               		.file 3 "globals.c"
DEFINED SYMBOLS
                            *ABS*:00000000 globals.c
     /tmp/cc2PS5Ap.s:2      *ABS*:0000003e __SP_H__
     /tmp/cc2PS5Ap.s:3      *ABS*:0000003d __SP_L__
     /tmp/cc2PS5Ap.s:4      *ABS*:0000003f __SREG__
     /tmp/cc2PS5Ap.s:5      *ABS*:00000000 __tmp_reg__
     /tmp/cc2PS5Ap.s:6      *ABS*:00000001 __zero_reg__
                            *COM*:00000046 bankStates
                            *COM*:00000002 systemTicks

UNDEFINED SYMBOLS
__do_clear_bss
