Archive member included because of file (symbol)

/usr/local/avr/bin/../lib/gcc/avr/4.7.2/avr5/libgcc.a(_udivmodqi4.o)
                              WTPA.o (__udivmodqi4)
/usr/local/avr/bin/../lib/gcc/avr/4.7.2/avr5/libgcc.a(_udivmodsi4.o)
                              WTPA.o (__udivmodsi4)
/usr/local/avr/bin/../lib/gcc/avr/4.7.2/avr5/libgcc.a(_exit.o)
                              /usr/local/avr/bin/../lib/gcc/avr/4.7.2/../../../../avr/lib/avr5/crtm644p.o (exit)
/usr/local/avr/bin/../lib/gcc/avr/4.7.2/avr5/libgcc.a(_tablejump.o)
                              WTPA.o (__tablejump2__)
/usr/local/avr/bin/../lib/gcc/avr/4.7.2/avr5/libgcc.a(_copy_data.o)
                              WTPA.o (__do_copy_data)
/usr/local/avr/bin/../lib/gcc/avr/4.7.2/avr5/libgcc.a(_clear_bss.o)
                              WTPA.o (__do_clear_bss)
/usr/local/avr/bin/../lib/gcc/avr/4.7.2/avr5/libgcc.a(_umulhisi3.o)
                              WTPA.o (__umulhisi3)
/usr/local/avr/bin/../lib/gcc/avr/4.7.2/avr5/libgcc.a(_muluhisi3.o)
                              WTPA.o (__muluhisi3)

Allocating common symbols
Common symbol       size              file

UpdateOutput        0x2               WTPA.o
midiChannelNumberA  0x1               midi.o
State               0x2               WTPA.o
midiMessageIncomingFifo
                    0x18              midi.o
bankStates          0x46              globals.o
systemTicks         0x2               globals.o
midiChannelNumberB  0x1               midi.o
midiMessageOutgoingFifo
                    0x18              midi.o
midiMessagesInIncomingFifo
                    0x1               midi.o
midiMessagesInOutgoingFifo
                    0x1               midi.o

Memory Configuration

Name             Origin             Length             Attributes
text             0x00000000         0x00020000         xr
data             0x00800060         0x0000ffa0         rw !x
eeprom           0x00810000         0x00010000         rw !x
fuse             0x00820000         0x00000400         rw !x
lock             0x00830000         0x00000400         rw !x
signature        0x00840000         0x00000400         rw !x
user_signatures  0x00850000         0x00000400         rw !x
*default*        0x00000000         0xffffffff

Linker script and memory map

Address of section .data set to 0x800100
LOAD /usr/local/avr/bin/../lib/gcc/avr/4.7.2/../../../../avr/lib/avr5/crtm644p.o
LOAD WTPA.o
LOAD globals.o
LOAD eeprom.o
LOAD uart.o
LOAD softclock.o
LOAD midi.o
LOAD microSD.o
LOAD /usr/local/avr/bin/../lib/gcc/avr/4.7.2/../../../../avr/lib/avr5/libm.a
LOAD /usr/local/avr/bin/../lib/gcc/avr/4.7.2/avr5/libgcc.a
LOAD /usr/local/avr/bin/../lib/gcc/avr/4.7.2/../../../../avr/lib/avr5/libc.a
LOAD /usr/local/avr/bin/../lib/gcc/avr/4.7.2/avr5/libgcc.a

.hash
 *(.hash)

.dynsym
 *(.dynsym)

.dynstr
 *(.dynstr)

.gnu.version
 *(.gnu.version)

.gnu.version_d
 *(.gnu.version_d)

.gnu.version_r
 *(.gnu.version_r)

.rel.init
 *(.rel.init)

.rela.init
 *(.rela.init)

.rel.text
 *(.rel.text)
 *(.rel.text.*)
 *(.rel.gnu.linkonce.t*)

.rela.text
 *(.rela.text)
 *(.rela.text.*)
 *(.rela.gnu.linkonce.t*)

.rel.fini
 *(.rel.fini)

.rela.fini
 *(.rela.fini)

.rel.rodata
 *(.rel.rodata)
 *(.rel.rodata.*)
 *(.rel.gnu.linkonce.r*)

.rela.rodata
 *(.rela.rodata)
 *(.rela.rodata.*)
 *(.rela.gnu.linkonce.r*)

.rel.data
 *(.rel.data)
 *(.rel.data.*)
 *(.rel.gnu.linkonce.d*)

.rela.data
 *(.rela.data)
 *(.rela.data.*)
 *(.rela.gnu.linkonce.d*)

.rel.ctors
 *(.rel.ctors)

.rela.ctors
 *(.rela.ctors)

.rel.dtors
 *(.rel.dtors)

.rela.dtors
 *(.rela.dtors)

.rel.got
 *(.rel.got)

.rela.got
 *(.rela.got)

.rel.bss
 *(.rel.bss)

.rela.bss
 *(.rela.bss)

.rel.plt
 *(.rel.plt)

.rela.plt
 *(.rela.plt)

.text           0x00000000     0x51b0
 *(.vectors)
 .vectors       0x00000000       0x7c /usr/local/avr/bin/../lib/gcc/avr/4.7.2/../../../../avr/lib/avr5/crtm644p.o
                0x00000000                __vectors
 *(.vectors)
 *(.progmem.gcc*)
 .progmem.gcc_sw_table
                0x0000007c       0x38 WTPA.o
 *(.progmem*)
                0x000000b4                . = ALIGN (0x2)
                0x000000b4                __trampolines_start = .
 *(.trampolines)
 .trampolines   0x000000b4        0x0 linker stubs
 *(.trampolines*)
                0x000000b4                __trampolines_end = .
 *(.jumptables)
 *(.jumptables*)
 *(.lowtext)
 *(.lowtext*)
                0x000000b4                __ctors_start = .
 *(.ctors)
                0x000000b4                __ctors_end = .
                0x000000b4                __dtors_start = .
 *(.dtors)
                0x000000b4                __dtors_end = .
 SORT(*)(.ctors)
 SORT(*)(.dtors)
 *(.init0)
 .init0         0x000000b4        0x0 /usr/local/avr/bin/../lib/gcc/avr/4.7.2/../../../../avr/lib/avr5/crtm644p.o
                0x000000b4                __init
 *(.init0)
 *(.init1)
 *(.init1)
 *(.init2)
 .init2         0x000000b4        0xc /usr/local/avr/bin/../lib/gcc/avr/4.7.2/../../../../avr/lib/avr5/crtm644p.o
 *(.init2)
 *(.init3)
 *(.init3)
 *(.init4)
 .init4         0x000000c0       0x16 /usr/local/avr/bin/../lib/gcc/avr/4.7.2/avr5/libgcc.a(_copy_data.o)
                0x000000c0                __do_copy_data
 .init4         0x000000d6       0x10 /usr/local/avr/bin/../lib/gcc/avr/4.7.2/avr5/libgcc.a(_clear_bss.o)
                0x000000d6                __do_clear_bss
 *(.init4)
 *(.init5)
 *(.init5)
 *(.init6)
 *(.init6)
 *(.init7)
 *(.init7)
 *(.init8)
 *(.init8)
 *(.init9)
 .init9         0x000000e6        0x8 /usr/local/avr/bin/../lib/gcc/avr/4.7.2/../../../../avr/lib/avr5/crtm644p.o
 *(.init9)
 *(.text)
 .text          0x000000ee        0x4 /usr/local/avr/bin/../lib/gcc/avr/4.7.2/../../../../avr/lib/avr5/crtm644p.o
                0x000000ee                __vector_22
                0x000000ee                __vector_28
                0x000000ee                __vector_1
                0x000000ee                __vector_24
                0x000000ee                __bad_interrupt
                0x000000ee                __vector_3
                0x000000ee                __vector_23
                0x000000ee                __vector_30
                0x000000ee                __vector_25
                0x000000ee                __vector_11
                0x000000ee                __vector_17
                0x000000ee                __vector_19
                0x000000ee                __vector_7
                0x000000ee                __vector_27
                0x000000ee                __vector_5
                0x000000ee                __vector_4
                0x000000ee                __vector_2
                0x000000ee                __vector_21
                0x000000ee                __vector_15
                0x000000ee                __vector_29
                0x000000ee                __vector_8
                0x000000ee                __vector_26
                0x000000ee                __vector_16
                0x000000ee                __vector_18
                0x000000ee                __vector_20
 .text          0x000000f2     0x3b16 WTPA.o
                0x00003470                __vector_12
                0x000034fe                __vector_6
                0x0000358e                __vector_13
                0x000036b8                __vector_14
                0x000037e2                __vector_10
                0x00003ba4                __vector_9
                0x00003bda                __vector_default
                0x00003bee                HandleSoftclock
 .text          0x00003c08        0x0 globals.o
 .text          0x00003c08       0x34 eeprom.o
                0x00003c08                EepromWrite
                0x00003c22                EepromRead
 .text          0x00003c3c       0x50 uart.o
                0x00003c3c                Uart0GotByte
                0x00003c48                Uart0GetByte
                0x00003c4e                InitUart0
 .text          0x00003c8c       0x56 softclock.o
                0x00003c8c                SetTimer
                0x00003cb0                CheckTimer
 .text          0x00003ce2      0x3ce midi.o
                0x00003d30                GetMidiMessageFromIncomingFifo
                0x00003d7e                PutMidiMessageInOutgoingFifo
                0x00003dba                InitMidi
                0x00003dde                HandleIncomingMidiByte
                0x00003f58                MidiTxBufferNotEmpty
                0x00003f72                PopOutgoingMidiByte
 .text          0x000040b0      0x3d4 microSD.o
                0x000040b0                UnInitSdInterface
                0x000040cc                InitSdInterface
                0x000040fa                EndSdTransfer
                0x000040fe                StartSdTransfer
                0x00004104                TransferSdByte
                0x00004138                SendSdCommand
                0x00004230                SdHandshake
                0x00004440                SdBeginSingleBlockRead
                0x00004462                SdBeginSingleBlockWrite
 .text          0x00004484        0x0 /usr/local/avr/bin/../lib/gcc/avr/4.7.2/avr5/libgcc.a(_udivmodqi4.o)
 .text          0x00004484        0x0 /usr/local/avr/bin/../lib/gcc/avr/4.7.2/avr5/libgcc.a(_udivmodsi4.o)
 .text          0x00004484        0x0 /usr/local/avr/bin/../lib/gcc/avr/4.7.2/avr5/libgcc.a(_exit.o)
 .text          0x00004484        0x0 /usr/local/avr/bin/../lib/gcc/avr/4.7.2/avr5/libgcc.a(_tablejump.o)
 .text          0x00004484        0x0 /usr/local/avr/bin/../lib/gcc/avr/4.7.2/avr5/libgcc.a(_copy_data.o)
 .text          0x00004484        0x0 /usr/local/avr/bin/../lib/gcc/avr/4.7.2/avr5/libgcc.a(_clear_bss.o)
 .text          0x00004484        0x0 /usr/local/avr/bin/../lib/gcc/avr/4.7.2/avr5/libgcc.a(_umulhisi3.o)
 .text          0x00004484        0x0 /usr/local/avr/bin/../lib/gcc/avr/4.7.2/avr5/libgcc.a(_muluhisi3.o)
                0x00004484                . = ALIGN (0x2)
 *(.text.*)
 .text.startup  0x00004484      0xc92 WTPA.o
                0x00004484                main
 .text.libgcc.mul
                0x00005116        0x0 /usr/local/avr/bin/../lib/gcc/avr/4.7.2/avr5/libgcc.a(_udivmodqi4.o)
 .text.libgcc.div
                0x00005116       0x18 /usr/local/avr/bin/../lib/gcc/avr/4.7.2/avr5/libgcc.a(_udivmodqi4.o)
                0x00005116                __udivmodqi4
 .text.libgcc   0x0000512e        0x0 /usr/local/avr/bin/../lib/gcc/avr/4.7.2/avr5/libgcc.a(_udivmodqi4.o)
 .text.libgcc.prologue
                0x0000512e        0x0 /usr/local/avr/bin/../lib/gcc/avr/4.7.2/avr5/libgcc.a(_udivmodqi4.o)
 .text.libgcc.builtins
                0x0000512e        0x0 /usr/local/avr/bin/../lib/gcc/avr/4.7.2/avr5/libgcc.a(_udivmodqi4.o)
 .text.libgcc.fmul
                0x0000512e        0x0 /usr/local/avr/bin/../lib/gcc/avr/4.7.2/avr5/libgcc.a(_udivmodqi4.o)
 .text.libgcc.mul
                0x0000512e        0x0 /usr/local/avr/bin/../lib/gcc/avr/4.7.2/avr5/libgcc.a(_udivmodsi4.o)
 .text.libgcc.div
                0x0000512e       0x44 /usr/local/avr/bin/../lib/gcc/avr/4.7.2/avr5/libgcc.a(_udivmodsi4.o)
                0x0000512e                __udivmodsi4
 .text.libgcc   0x00005172        0x0 /usr/local/avr/bin/../lib/gcc/avr/4.7.2/avr5/libgcc.a(_udivmodsi4.o)
 .text.libgcc.prologue
                0x00005172        0x0 /usr/local/avr/bin/../lib/gcc/avr/4.7.2/avr5/libgcc.a(_udivmodsi4.o)
 .text.libgcc.builtins
                0x00005172        0x0 /usr/local/avr/bin/../lib/gcc/avr/4.7.2/avr5/libgcc.a(_udivmodsi4.o)
 .text.libgcc.fmul
                0x00005172        0x0 /usr/local/avr/bin/../lib/gcc/avr/4.7.2/avr5/libgcc.a(_udivmodsi4.o)
 .text.libgcc.mul
                0x00005172        0x0 /usr/local/avr/bin/../lib/gcc/avr/4.7.2/avr5/libgcc.a(_exit.o)
 .text.libgcc.div
                0x00005172        0x0 /usr/local/avr/bin/../lib/gcc/avr/4.7.2/avr5/libgcc.a(_exit.o)
 .text.libgcc   0x00005172        0x0 /usr/local/avr/bin/../lib/gcc/avr/4.7.2/avr5/libgcc.a(_exit.o)
 .text.libgcc.prologue
                0x00005172        0x0 /usr/local/avr/bin/../lib/gcc/avr/4.7.2/avr5/libgcc.a(_exit.o)
 .text.libgcc.builtins
                0x00005172        0x0 /usr/local/avr/bin/../lib/gcc/avr/4.7.2/avr5/libgcc.a(_exit.o)
 .text.libgcc.fmul
                0x00005172        0x0 /usr/local/avr/bin/../lib/gcc/avr/4.7.2/avr5/libgcc.a(_exit.o)
 .text.libgcc.mul
                0x00005172        0x0 /usr/local/avr/bin/../lib/gcc/avr/4.7.2/avr5/libgcc.a(_tablejump.o)
 .text.libgcc.div
                0x00005172        0x0 /usr/local/avr/bin/../lib/gcc/avr/4.7.2/avr5/libgcc.a(_tablejump.o)
 .text.libgcc   0x00005172        0xc /usr/local/avr/bin/../lib/gcc/avr/4.7.2/avr5/libgcc.a(_tablejump.o)
                0x00005172                __tablejump2__
                0x00005176                __tablejump__
 .text.libgcc.prologue
                0x0000517e        0x0 /usr/local/avr/bin/../lib/gcc/avr/4.7.2/avr5/libgcc.a(_tablejump.o)
 .text.libgcc.builtins
                0x0000517e        0x0 /usr/local/avr/bin/../lib/gcc/avr/4.7.2/avr5/libgcc.a(_tablejump.o)
 .text.libgcc.fmul
                0x0000517e        0x0 /usr/local/avr/bin/../lib/gcc/avr/4.7.2/avr5/libgcc.a(_tablejump.o)
 .text.libgcc.mul
                0x0000517e        0x0 /usr/local/avr/bin/../lib/gcc/avr/4.7.2/avr5/libgcc.a(_copy_data.o)
 .text.libgcc.div
                0x0000517e        0x0 /usr/local/avr/bin/../lib/gcc/avr/4.7.2/avr5/libgcc.a(_copy_data.o)
 .text.libgcc   0x0000517e        0x0 /usr/local/avr/bin/../lib/gcc/avr/4.7.2/avr5/libgcc.a(_copy_data.o)
 .text.libgcc.prologue
                0x0000517e        0x0 /usr/local/avr/bin/../lib/gcc/avr/4.7.2/avr5/libgcc.a(_copy_data.o)
 .text.libgcc.builtins
                0x0000517e        0x0 /usr/local/avr/bin/../lib/gcc/avr/4.7.2/avr5/libgcc.a(_copy_data.o)
 .text.libgcc.fmul
                0x0000517e        0x0 /usr/local/avr/bin/../lib/gcc/avr/4.7.2/avr5/libgcc.a(_copy_data.o)
 .text.libgcc.mul
                0x0000517e        0x0 /usr/local/avr/bin/../lib/gcc/avr/4.7.2/avr5/libgcc.a(_clear_bss.o)
 .text.libgcc.div
                0x0000517e        0x0 /usr/local/avr/bin/../lib/gcc/avr/4.7.2/avr5/libgcc.a(_clear_bss.o)
 .text.libgcc   0x0000517e        0x0 /usr/local/avr/bin/../lib/gcc/avr/4.7.2/avr5/libgcc.a(_clear_bss.o)
 .text.libgcc.prologue
                0x0000517e        0x0 /usr/local/avr/bin/../lib/gcc/avr/4.7.2/avr5/libgcc.a(_clear_bss.o)
 .text.libgcc.builtins
                0x0000517e        0x0 /usr/local/avr/bin/../lib/gcc/avr/4.7.2/avr5/libgcc.a(_clear_bss.o)
 .text.libgcc.fmul
                0x0000517e        0x0 /usr/local/avr/bin/../lib/gcc/avr/4.7.2/avr5/libgcc.a(_clear_bss.o)
 .text.libgcc.mul
                0x0000517e       0x18 /usr/local/avr/bin/../lib/gcc/avr/4.7.2/avr5/libgcc.a(_umulhisi3.o)
                0x0000517e                __umulhisi3
 .text.libgcc.div
                0x00005196        0x0 /usr/local/avr/bin/../lib/gcc/avr/4.7.2/avr5/libgcc.a(_umulhisi3.o)
 .text.libgcc   0x00005196        0x0 /usr/local/avr/bin/../lib/gcc/avr/4.7.2/avr5/libgcc.a(_umulhisi3.o)
 .text.libgcc.prologue
                0x00005196        0x0 /usr/local/avr/bin/../lib/gcc/avr/4.7.2/avr5/libgcc.a(_umulhisi3.o)
 .text.libgcc.builtins
                0x00005196        0x0 /usr/local/avr/bin/../lib/gcc/avr/4.7.2/avr5/libgcc.a(_umulhisi3.o)
 .text.libgcc.fmul
                0x00005196        0x0 /usr/local/avr/bin/../lib/gcc/avr/4.7.2/avr5/libgcc.a(_umulhisi3.o)
 .text.libgcc.mul
                0x00005196       0x16 /usr/local/avr/bin/../lib/gcc/avr/4.7.2/avr5/libgcc.a(_muluhisi3.o)
                0x00005196                __muluhisi3
 .text.libgcc.div
                0x000051ac        0x0 /usr/local/avr/bin/../lib/gcc/avr/4.7.2/avr5/libgcc.a(_muluhisi3.o)
 .text.libgcc   0x000051ac        0x0 /usr/local/avr/bin/../lib/gcc/avr/4.7.2/avr5/libgcc.a(_muluhisi3.o)
 .text.libgcc.prologue
                0x000051ac        0x0 /usr/local/avr/bin/../lib/gcc/avr/4.7.2/avr5/libgcc.a(_muluhisi3.o)
 .text.libgcc.builtins
                0x000051ac        0x0 /usr/local/avr/bin/../lib/gcc/avr/4.7.2/avr5/libgcc.a(_muluhisi3.o)
 .text.libgcc.fmul
                0x000051ac        0x0 /usr/local/avr/bin/../lib/gcc/avr/4.7.2/avr5/libgcc.a(_muluhisi3.o)
                0x000051ac                . = ALIGN (0x2)
 *(.fini9)
 .fini9         0x000051ac        0x0 /usr/local/avr/bin/../lib/gcc/avr/4.7.2/avr5/libgcc.a(_exit.o)
                0x000051ac                exit
                0x000051ac                _exit
 *(.fini9)
 *(.fini8)
 *(.fini8)
 *(.fini7)
 *(.fini7)
 *(.fini6)
 *(.fini6)
 *(.fini5)
 *(.fini5)
 *(.fini4)
 *(.fini4)
 *(.fini3)
 *(.fini3)
 *(.fini2)
 *(.fini2)
 *(.fini1)
 *(.fini1)
 *(.fini0)
 .fini0         0x000051ac        0x4 /usr/local/avr/bin/../lib/gcc/avr/4.7.2/avr5/libgcc.a(_exit.o)
 *(.fini0)
                0x000051b0                _etext = .

.data           0x00800100       0x1e load address 0x000051b0
                0x00800100                PROVIDE (__data_start, .)
 *(.data)
 .data          0x00800100        0x0 /usr/local/avr/bin/../lib/gcc/avr/4.7.2/../../../../avr/lib/avr5/crtm644p.o
 .data          0x00800100        0x6 WTPA.o
 .data          0x00800106        0x0 globals.o
 .data          0x00800106        0x0 eeprom.o
 .data          0x00800106        0x0 uart.o
 .data          0x00800106        0x0 softclock.o
 .data          0x00800106        0x0 midi.o
 .data          0x00800106        0x0 microSD.o
 .data          0x00800106        0x0 /usr/local/avr/bin/../lib/gcc/avr/4.7.2/avr5/libgcc.a(_udivmodqi4.o)
 .data          0x00800106        0x0 /usr/local/avr/bin/../lib/gcc/avr/4.7.2/avr5/libgcc.a(_udivmodsi4.o)
 .data          0x00800106        0x0 /usr/local/avr/bin/../lib/gcc/avr/4.7.2/avr5/libgcc.a(_exit.o)
 .data          0x00800106        0x0 /usr/local/avr/bin/../lib/gcc/avr/4.7.2/avr5/libgcc.a(_tablejump.o)
 .data          0x00800106        0x0 /usr/local/avr/bin/../lib/gcc/avr/4.7.2/avr5/libgcc.a(_copy_data.o)
 .data          0x00800106        0x0 /usr/local/avr/bin/../lib/gcc/avr/4.7.2/avr5/libgcc.a(_clear_bss.o)
 .data          0x00800106        0x0 /usr/local/avr/bin/../lib/gcc/avr/4.7.2/avr5/libgcc.a(_umulhisi3.o)
 .data          0x00800106        0x0 /usr/local/avr/bin/../lib/gcc/avr/4.7.2/avr5/libgcc.a(_muluhisi3.o)
 *(.data*)
 *(.rodata)
 .rodata        0x00800106       0x18 WTPA.o
 *(.rodata*)
 *(.gnu.linkonce.d*)
                0x0080011e                . = ALIGN (0x2)
                0x0080011e                _edata = .
                0x0080011e                PROVIDE (__data_end, .)

.bss            0x0080011e      0x544
                0x0080011e                PROVIDE (__bss_start, .)
 *(.bss)
 .bss           0x0080011e        0x0 /usr/local/avr/bin/../lib/gcc/avr/4.7.2/../../../../avr/lib/avr5/crtm644p.o
 .bss           0x0080011e      0x4a7 WTPA.o
 .bss           0x008005c5        0x0 globals.o
 .bss           0x008005c5        0x0 eeprom.o
 .bss           0x008005c5        0x0 uart.o
 .bss           0x008005c5       0x10 softclock.o
 .bss           0x008005d5        0xd midi.o
 .bss           0x008005e2        0x0 microSD.o
 .bss           0x008005e2        0x0 /usr/local/avr/bin/../lib/gcc/avr/4.7.2/avr5/libgcc.a(_udivmodqi4.o)
 .bss           0x008005e2        0x0 /usr/local/avr/bin/../lib/gcc/avr/4.7.2/avr5/libgcc.a(_udivmodsi4.o)
 .bss           0x008005e2        0x0 /usr/local/avr/bin/../lib/gcc/avr/4.7.2/avr5/libgcc.a(_exit.o)
 .bss           0x008005e2        0x0 /usr/local/avr/bin/../lib/gcc/avr/4.7.2/avr5/libgcc.a(_tablejump.o)
 .bss           0x008005e2        0x0 /usr/local/avr/bin/../lib/gcc/avr/4.7.2/avr5/libgcc.a(_copy_data.o)
 .bss           0x008005e2        0x0 /usr/local/avr/bin/../lib/gcc/avr/4.7.2/avr5/libgcc.a(_clear_bss.o)
 .bss           0x008005e2        0x0 /usr/local/avr/bin/../lib/gcc/avr/4.7.2/avr5/libgcc.a(_umulhisi3.o)
 .bss           0x008005e2        0x0 /usr/local/avr/bin/../lib/gcc/avr/4.7.2/avr5/libgcc.a(_muluhisi3.o)
 *(.bss*)
 *(COMMON)
 COMMON         0x008005e2        0x4 WTPA.o
                0x008005e2                UpdateOutput
                0x008005e4                State
 COMMON         0x008005e6       0x48 globals.o
                0x008005e6                bankStates
                0x0080062c                systemTicks
 COMMON         0x0080062e       0x34 midi.o
                0x0080062e                midiChannelNumberA
                0x0080062f                midiMessageIncomingFifo
                0x00800647                midiChannelNumberB
                0x00800648                midiMessageOutgoingFifo
                0x00800660                midiMessagesInIncomingFifo
                0x00800661                midiMessagesInOutgoingFifo
                0x00800662                PROVIDE (__bss_end, .)
                0x000051b0                __data_load_start = LOADADDR (.data)
                0x000051ce                __data_load_end = (__data_load_start + SIZEOF (.data))

.noinit         0x00800662        0x0
                0x00800662                PROVIDE (__noinit_start, .)
 *(.noinit*)
                0x00800662                PROVIDE (__noinit_end, .)
                0x00800662                _end = .
                0x00800662                PROVIDE (__heap_start, .)

.eeprom         0x00810000        0x0
 *(.eeprom*)
                0x00810000                __eeprom_end = .

.fuse
 *(.fuse)
 *(.lfuse)
 *(.hfuse)
 *(.efuse)

.lock
 *(.lock*)

.signature
 *(.signature*)

.user_signatures
 *(.user_signatures*)

.stab           0x00000000      0x6cc
 *(.stab)
 .stab          0x00000000      0x6cc /usr/local/avr/bin/../lib/gcc/avr/4.7.2/../../../../avr/lib/avr5/crtm644p.o

.stabstr        0x00000000       0x97
 *(.stabstr)
 .stabstr       0x00000000       0x97 /usr/local/avr/bin/../lib/gcc/avr/4.7.2/../../../../avr/lib/avr5/crtm644p.o

.stab.excl
 *(.stab.excl)

.stab.exclstr
 *(.stab.exclstr)

.stab.index
 *(.stab.index)

.stab.indexstr
 *(.stab.indexstr)

.comment        0x00000000       0x2f
 *(.comment)
 .comment       0x00000000       0x2f WTPA.o
                                 0x30 (size before relaxing)
 .comment       0x00000000       0x30 globals.o
 .comment       0x00000000       0x30 eeprom.o
 .comment       0x00000000       0x30 uart.o
 .comment       0x00000000       0x30 softclock.o
 .comment       0x00000000       0x30 midi.o
 .comment       0x00000000       0x30 microSD.o

.debug
 *(.debug)

.line
 *(.line)

.debug_srcinfo
 *(.debug_srcinfo)

.debug_sfnames
 *(.debug_sfnames)

.debug_aranges  0x00000000       0xe0
 *(.debug_aranges)
 .debug_aranges
                0x00000000       0x28 WTPA.o
 .debug_aranges
                0x00000028       0x18 globals.o
 .debug_aranges
                0x00000040       0x20 eeprom.o
 .debug_aranges
                0x00000060       0x20 uart.o
 .debug_aranges
                0x00000080       0x20 softclock.o
 .debug_aranges
                0x000000a0       0x20 midi.o
 .debug_aranges
                0x000000c0       0x20 microSD.o

.debug_pubnames
 *(.debug_pubnames)

.debug_info     0x00000000     0x4224
 *(.debug_info)
 .debug_info    0x00000000     0x305d WTPA.o
 .debug_info    0x0000305d      0x1e6 globals.o
 .debug_info    0x00003243       0xf9 eeprom.o
 .debug_info    0x0000333c       0xe4 uart.o
 .debug_info    0x00003420      0x15c softclock.o
 .debug_info    0x0000357c      0x4d0 midi.o
 .debug_info    0x00003a4c      0x7d8 microSD.o
 *(.gnu.linkonce.wi.*)

.debug_abbrev   0x00000000      0xa4f
 *(.debug_abbrev)
 .debug_abbrev  0x00000000      0x3ff WTPA.o
 .debug_abbrev  0x000003ff       0x8f globals.o
 .debug_abbrev  0x0000048e       0x98 eeprom.o
 .debug_abbrev  0x00000526       0xa6 uart.o
 .debug_abbrev  0x000005cc       0xcd softclock.o
 .debug_abbrev  0x00000699      0x1e1 midi.o
 .debug_abbrev  0x0000087a      0x1d5 microSD.o

.debug_line     0x00000000      0xf94
 *(.debug_line)
 .debug_line    0x00000000      0xaa7 WTPA.o
 .debug_line    0x00000aa7       0x41 globals.o
 .debug_line    0x00000ae8       0x9c eeprom.o
 .debug_line    0x00000b84       0xab uart.o
 .debug_line    0x00000c2f       0x58 softclock.o
 .debug_line    0x00000c87      0x12f midi.o
 .debug_line    0x00000db6      0x1de microSD.o

.debug_frame    0x00000000      0x888
 *(.debug_frame)
 .debug_frame   0x00000000      0x634 WTPA.o
 .debug_frame   0x00000634       0x34 eeprom.o
 .debug_frame   0x00000668       0x44 uart.o
 .debug_frame   0x000006ac       0x34 softclock.o
 .debug_frame   0x000006e0       0x9c midi.o
 .debug_frame   0x0000077c      0x10c microSD.o

.debug_str      0x00000000     0x13a6
 *(.debug_str)
 .debug_str     0x00000000      0xfc4 WTPA.o
                               0x1013 (size before relaxing)
 .debug_str     0x00000fc4        0xa globals.o
                                0x20b (size before relaxing)
 .debug_str     0x00000fce       0x1c eeprom.o
                                 0xe9 (size before relaxing)
 .debug_str     0x00000fea        0x7 uart.o
                                 0xd8 (size before relaxing)
 .debug_str     0x00000ff1       0x37 softclock.o
                                0x14f (size before relaxing)
 .debug_str     0x00001028      0x301 midi.o
                                0x60c (size before relaxing)
 .debug_str     0x00001329       0x7d microSD.o
                                0x207 (size before relaxing)

.debug_loc      0x00000000     0x24af
 *(.debug_loc)
 .debug_loc     0x00000000     0x1ef3 WTPA.o
 .debug_loc     0x00001ef3       0x21 eeprom.o
 .debug_loc     0x00001f14       0x42 softclock.o
 .debug_loc     0x00001f56      0x245 midi.o
 .debug_loc     0x0000219b      0x314 microSD.o

.debug_macinfo
 *(.debug_macinfo)

.debug_pubtypes
 *(.debug_pubtypes)

.debug_ranges   0x00000000      0x1c8
 *(.debug_ranges)
 .debug_ranges  0x00000000      0x1c8 WTPA.o

.debug_macro
 *(.debug_macro)
OUTPUT(WTPA.elf elf32-avr)
LOAD linker stubs

Cross Reference Table

Symbol                                            File
CheckTimer                                        softclock.o
                                                  microSD.o
                                                  WTPA.o
EepromRead                                        eeprom.o
                                                  WTPA.o
EepromWrite                                       eeprom.o
                                                  WTPA.o
EndSdTransfer                                     microSD.o
                                                  WTPA.o
GetMidiMessageFromIncomingFifo                    midi.o
                                                  WTPA.o
HandleIncomingMidiByte                            midi.o
                                                  WTPA.o
HandleSoftclock                                   WTPA.o
                                                  microSD.o
InitMidi                                          midi.o
                                                  WTPA.o
InitSdInterface                                   microSD.o
                                                  WTPA.o
InitUart0                                         uart.o
                                                  WTPA.o
MidiTxBufferNotEmpty                              midi.o
                                                  WTPA.o
PopOutgoingMidiByte                               midi.o
                                                  WTPA.o
PutMidiMessageInOutgoingFifo                      midi.o
                                                  WTPA.o
SdBeginSingleBlockRead                            microSD.o
                                                  WTPA.o
SdBeginSingleBlockWrite                           microSD.o
                                                  WTPA.o
SdHandshake                                       microSD.o
                                                  WTPA.o
SendSdCommand                                     microSD.o
SetTimer                                          softclock.o
                                                  microSD.o
                                                  WTPA.o
StartSdTransfer                                   microSD.o
State                                             WTPA.o
TransferSdByte                                    microSD.o
                                                  WTPA.o
Uart0GetByte                                      uart.o
                                                  WTPA.o
Uart0GotByte                                      uart.o
                                                  WTPA.o
UnInitSdInterface                                 microSD.o
UpdateOutput                                      WTPA.o
__bad_interrupt                                   /usr/local/avr/bin/../lib/gcc/avr/4.7.2/../../../../avr/lib/avr5/crtm644p.o
__bss_end                                         /usr/local/avr/bin/../lib/gcc/avr/4.7.2/avr5/libgcc.a(_clear_bss.o)
__bss_start                                       /usr/local/avr/bin/../lib/gcc/avr/4.7.2/avr5/libgcc.a(_clear_bss.o)
__data_end                                        /usr/local/avr/bin/../lib/gcc/avr/4.7.2/avr5/libgcc.a(_copy_data.o)
__data_load_start                                 /usr/local/avr/bin/../lib/gcc/avr/4.7.2/avr5/libgcc.a(_copy_data.o)
__data_start                                      /usr/local/avr/bin/../lib/gcc/avr/4.7.2/avr5/libgcc.a(_copy_data.o)
__do_clear_bss                                    /usr/local/avr/bin/../lib/gcc/avr/4.7.2/avr5/libgcc.a(_clear_bss.o)
                                                  midi.o
                                                  softclock.o
                                                  globals.o
                                                  WTPA.o
__do_copy_data                                    /usr/local/avr/bin/../lib/gcc/avr/4.7.2/avr5/libgcc.a(_copy_data.o)
                                                  WTPA.o
__heap_end                                        /usr/local/avr/bin/../lib/gcc/avr/4.7.2/../../../../avr/lib/avr5/crtm644p.o
__init                                            /usr/local/avr/bin/../lib/gcc/avr/4.7.2/../../../../avr/lib/avr5/crtm644p.o
__muluhisi3                                       /usr/local/avr/bin/../lib/gcc/avr/4.7.2/avr5/libgcc.a(_muluhisi3.o)
                                                  WTPA.o
__stack                                           /usr/local/avr/bin/../lib/gcc/avr/4.7.2/../../../../avr/lib/avr5/crtm644p.o
__tablejump2__                                    /usr/local/avr/bin/../lib/gcc/avr/4.7.2/avr5/libgcc.a(_tablejump.o)
                                                  WTPA.o
__tablejump__                                     /usr/local/avr/bin/../lib/gcc/avr/4.7.2/avr5/libgcc.a(_tablejump.o)
__udivmodqi4                                      /usr/local/avr/bin/../lib/gcc/avr/4.7.2/avr5/libgcc.a(_udivmodqi4.o)
                                                  WTPA.o
__udivmodsi4                                      /usr/local/avr/bin/../lib/gcc/avr/4.7.2/avr5/libgcc.a(_udivmodsi4.o)
                                                  WTPA.o
__umulhisi3                                       /usr/local/avr/bin/../lib/gcc/avr/4.7.2/avr5/libgcc.a(_umulhisi3.o)
                                                  /usr/local/avr/bin/../lib/gcc/avr/4.7.2/avr5/libgcc.a(_muluhisi3.o)
                                                  WTPA.o
__vector_1                                        /usr/local/avr/bin/../lib/gcc/avr/4.7.2/../../../../avr/lib/avr5/crtm644p.o
__vector_10                                       WTPA.o
                                                  /usr/local/avr/bin/../lib/gcc/avr/4.7.2/../../../../avr/lib/avr5/crtm644p.o
__vector_11                                       /usr/local/avr/bin/../lib/gcc/avr/4.7.2/../../../../avr/lib/avr5/crtm644p.o
__vector_12                                       WTPA.o
                                                  /usr/local/avr/bin/../lib/gcc/avr/4.7.2/../../../../avr/lib/avr5/crtm644p.o
__vector_13                                       WTPA.o
                                                  /usr/local/avr/bin/../lib/gcc/avr/4.7.2/../../../../avr/lib/avr5/crtm644p.o
__vector_14                                       WTPA.o
                                                  /usr/local/avr/bin/../lib/gcc/avr/4.7.2/../../../../avr/lib/avr5/crtm644p.o
__vector_15                                       /usr/local/avr/bin/../lib/gcc/avr/4.7.2/../../../../avr/lib/avr5/crtm644p.o
__vector_16                                       /usr/local/avr/bin/../lib/gcc/avr/4.7.2/../../../../avr/lib/avr5/crtm644p.o
__vector_17                                       /usr/local/avr/bin/../lib/gcc/avr/4.7.2/../../../../avr/lib/avr5/crtm644p.o
__vector_18                                       /usr/local/avr/bin/../lib/gcc/avr/4.7.2/../../../../avr/lib/avr5/crtm644p.o
__vector_19                                       /usr/local/avr/bin/../lib/gcc/avr/4.7.2/../../../../avr/lib/avr5/crtm644p.o
__vector_2                                        /usr/local/avr/bin/../lib/gcc/avr/4.7.2/../../../../avr/lib/avr5/crtm644p.o
__vector_20                                       /usr/local/avr/bin/../lib/gcc/avr/4.7.2/../../../../avr/lib/avr5/crtm644p.o
__vector_21                                       /usr/local/avr/bin/../lib/gcc/avr/4.7.2/../../../../avr/lib/avr5/crtm644p.o
__vector_22                                       /usr/local/avr/bin/../lib/gcc/avr/4.7.2/../../../../avr/lib/avr5/crtm644p.o
__vector_23                                       /usr/local/avr/bin/../lib/gcc/avr/4.7.2/../../../../avr/lib/avr5/crtm644p.o
__vector_24                                       /usr/local/avr/bin/../lib/gcc/avr/4.7.2/../../../../avr/lib/avr5/crtm644p.o
__vector_25                                       /usr/local/avr/bin/../lib/gcc/avr/4.7.2/../../../../avr/lib/avr5/crtm644p.o
__vector_26                                       /usr/local/avr/bin/../lib/gcc/avr/4.7.2/../../../../avr/lib/avr5/crtm644p.o
__vector_27                                       /usr/local/avr/bin/../lib/gcc/avr/4.7.2/../../../../avr/lib/avr5/crtm644p.o
__vector_28                                       /usr/local/avr/bin/../lib/gcc/avr/4.7.2/../../../../avr/lib/avr5/crtm644p.o
__vector_29                                       /usr/local/avr/bin/../lib/gcc/avr/4.7.2/../../../../avr/lib/avr5/crtm644p.o
__vector_3                                        /usr/local/avr/bin/../lib/gcc/avr/4.7.2/../../../../avr/lib/avr5/crtm644p.o
__vector_30                                       /usr/local/avr/bin/../lib/gcc/avr/4.7.2/../../../../avr/lib/avr5/crtm644p.o
__vector_4                                        /usr/local/avr/bin/../lib/gcc/avr/4.7.2/../../../../avr/lib/avr5/crtm644p.o
__vector_5                                        /usr/local/avr/bin/../lib/gcc/avr/4.7.2/../../../../avr/lib/avr5/crtm644p.o
__vector_6                                        WTPA.o
                                                  /usr/local/avr/bin/../lib/gcc/avr/4.7.2/../../../../avr/lib/avr5/crtm644p.o
__vector_7                                        /usr/local/avr/bin/../lib/gcc/avr/4.7.2/../../../../avr/lib/avr5/crtm644p.o
__vector_8                                        /usr/local/avr/bin/../lib/gcc/avr/4.7.2/../../../../avr/lib/avr5/crtm644p.o
__vector_9                                        WTPA.o
                                                  /usr/local/avr/bin/../lib/gcc/avr/4.7.2/../../../../avr/lib/avr5/crtm644p.o
__vector_default                                  WTPA.o
                                                  /usr/local/avr/bin/../lib/gcc/avr/4.7.2/../../../../avr/lib/avr5/crtm644p.o
__vectors                                         /usr/local/avr/bin/../lib/gcc/avr/4.7.2/../../../../avr/lib/avr5/crtm644p.o
_exit                                             /usr/local/avr/bin/../lib/gcc/avr/4.7.2/avr5/libgcc.a(_exit.o)
bankStates                                        globals.o
                                                  WTPA.o
exit                                              /usr/local/avr/bin/../lib/gcc/avr/4.7.2/avr5/libgcc.a(_exit.o)
                                                  /usr/local/avr/bin/../lib/gcc/avr/4.7.2/../../../../avr/lib/avr5/crtm644p.o
main                                              WTPA.o
                                                  /usr/local/avr/bin/../lib/gcc/avr/4.7.2/../../../../avr/lib/avr5/crtm644p.o
midiChannelNumberA                                midi.o
                                                  WTPA.o
midiChannelNumberB                                midi.o
                                                  WTPA.o
midiMessageIncomingFifo                           midi.o
midiMessageOutgoingFifo                           midi.o
midiMessagesInIncomingFifo                        midi.o
                                                  WTPA.o
midiMessagesInOutgoingFifo                        midi.o
systemTicks                                       softclock.o
                                                  globals.o
                                                  WTPA.o
